// Jest Snapshot v1, https://goo.gl/fbAQLP

exports[`Map Chart should check for snapshot 1`] = `
<ComposableMap>
  <Memo(Sphere)
    stroke="#E4E5E6"
    strokeWidth={0.5}
  />
  <Memo(Graticule)
    stroke="#E4E5E6"
    strokeWidth={0.5}
  />
</ComposableMap>
`;
