// Jest Snapshot v1, https://goo.gl/fbAQLP

exports[`CreateWallet component should check for snapshot 1`] = `
<div
  className="main-wrapper"
>
  <CreateNewWallet
    generateNewMnemonic={[Function]}
    isWalletTabActive={false}
    mnemonicObj={Object {}}
    setIsWalletTabActive={[Function]}
  />
</div>
`;
