// Jest Snapshot v1, https://goo.gl/fbAQLP

exports[`PaymentRequestPage component should check for snapshot 1`] = `
<BrowserRouter
  keyLength={0}
>
  <Router
    history={
      Object {
        "action": "REPLACE",
        "block": [Function],
        "createHref": [Function],
        "go": [Function],
        "goBack": [Function],
        "goForward": [Function],
        "length": 1,
        "listen": [Function],
        "location": Object {
          "hash": "",
          "pathname": "/",
          "search": "",
          "state": undefined,
        },
        "push": [Function],
        "replace": [Function],
      }
    }
  >
    <Provider
      store={
        Object {
          "dispatch": [Function],
          "getState": [Function],
          "replaceReducer": [Function],
          "subscribe": [Function],
          Symbol(observable): [Function],
        }
      }
    >
      <Connect(PaymentRequestPage)
        history={
          Object {
            "action": "POP",
            "block": [Function],
            "canGo": [Function],
            "createHref": [Function],
            "entries": Array [
              Object {
                "hash": "",
                "pathname": "/",
                "search": "",
                "state": undefined,
              },
            ],
            "go": [Function],
            "goBack": [Function],
            "goForward": [Function],
            "index": 0,
            "length": 1,
            "listen": [Function],
            "location": Object {
              "hash": "",
              "pathname": "/",
              "search": "",
              "state": undefined,
            },
            "push": [Function],
            "replace": [Function],
          }
        }
        location={
          Object {
            "hash": "",
            "pathname": "/route/1",
            "search": "",
            "state": undefined,
          }
        }
        match={
          Object {
            "isExact": false,
            "params": Object {
              "id": "1",
            },
            "path": "/route/:id",
            "url": "/route/1",
          }
        }
      >
        <PaymentRequestPage
          history={
            Object {
              "action": "POP",
              "block": [Function],
              "canGo": [Function],
              "createHref": [Function],
              "entries": Array [
                Object {
                  "hash": "",
                  "pathname": "/",
                  "search": "",
                  "state": undefined,
                },
              ],
              "go": [Function],
              "goBack": [Function],
              "goForward": [Function],
              "index": 0,
              "length": 1,
              "listen": [Function],
              "location": Object {
                "hash": "",
                "pathname": "/",
                "search": "",
                "state": undefined,
              },
              "push": [Function],
              "replace": [Function],
            }
          }
          location={
            Object {
              "hash": "",
              "pathname": "/route/1",
              "search": "",
              "state": undefined,
            }
          }
          match={
            Object {
              "isExact": false,
              "params": Object {
                "id": "1",
              },
              "path": "/route/:id",
              "url": "/route/1",
            }
          }
          paymentRequests={Array []}
          removeReceiveTxns={[Function]}
          unit="DFI"
        >
          <Redirect
            to="/"
          >
            <Lifecycle
              onMount={[Function]}
              onUpdate={[Function]}
              to="/"
            />
          </Redirect>
        </PaymentRequestPage>
      </Connect(PaymentRequestPage)>
    </Provider>
  </Router>
</BrowserRouter>
`;
