// Jest Snapshot v1, https://goo.gl/fbAQLP

exports[`Sidebar Page should check for snapshot 1`] = `
<ContextConsumer>
  <Component />
</ContextConsumer>
`;
