// Jest Snapshot v1, https://goo.gl/fbAQLP

exports[`UpdateProgress Index should check for snapshot 1`] = `
<Provider
  store={
    Object {
      "dispatch": [Function],
      "getState": [Function],
      "replaceReducer": [Function],
      "subscribe": [Function],
      Symbol(observable): [Function],
    }
  }
>
  <Connect(UpdateProgressModal)>
    <UpdateProgressModal
      dispatch={[Function]}
      isUpdateModalOpen={false}
    >
      <Modal
        autoFocus={true}
        backdrop={true}
        backdropTransition={
          Object {
            "mountOnEnter": true,
            "timeout": 150,
          }
        }
        centered={true}
        container="body"
        fade={true}
        isOpen={false}
        keyboard={true}
        modalTransition={
          Object {
            "timeout": 300,
          }
        }
        onClosed={[Function]}
        onOpened={[Function]}
        returnFocusAfterClose={true}
        role="dialog"
        scrollable={false}
        trapFocus={false}
        unmountOnClose={true}
        zIndex={1050}
      />
    </UpdateProgressModal>
  </Connect(UpdateProgressModal)>
</Provider>
`;
