// Jest Snapshot v1, https://goo.gl/fbAQLP

exports[`Create token page should check for snapshot 1`] = `
<ContextProvider
  value={
    Object {
      "store": Object {
        "dispatch": [Function],
        "getState": [Function],
        "replaceReducer": [Function],
        "subscribe": [Function],
        Symbol(observable): [Function],
      },
      "subscription": Subscription {
        "handleChangeWrapper": [Function],
        "listeners": Object {
          "notify": [Function],
        },
        "onStateChange": [Function],
        "parentSub": undefined,
        "store": Object {
          "dispatch": [Function],
          "getState": [Function],
          "replaceReducer": [Function],
          "subscribe": [Function],
          Symbol(observable): [Function],
        },
        "unsubscribe": null,
      },
    }
  }
>
  <Connect(CreateToken)
    createToken={[Function]}
    createdTokenData={
      Object {
        "hash": "hash",
      }
    }
    fetchToken={[Function]}
    history={
      Object {
        "action": "POP",
        "block": [Function],
        "canGo": [Function],
        "createHref": [Function],
        "entries": Array [
          Object {
            "hash": "",
            "pathname": "/",
            "search": "",
            "state": undefined,
          },
        ],
        "go": [Function],
        "goBack": [Function],
        "goForward": [Function],
        "index": 0,
        "length": 1,
        "listen": [Function],
        "location": Object {
          "hash": "",
          "pathname": "/",
          "search": "",
          "state": undefined,
        },
        "push": [Function],
        "replace": [Function],
      }
    }
    isErrorCreatingToken="isErrorCreatingToken"
    isErrorUpdatingToken="isErrorUpdatingToken"
    isTokenCreating={true}
    isTokenUpdating={true}
    location={
      Object {
        "hash": "",
        "pathname": "/route/1",
        "search": "",
        "state": undefined,
      }
    }
    match={
      Object {
        "isExact": false,
        "params": Object {
          "id": "1",
        },
        "path": "/route/:id",
        "url": "/route/1",
      }
    }
    paymentRequests={
      Object {
        "address": "address",
        "amount": "123",
        "hdSeed": true,
        "id": "12",
        "label": "label",
        "message": "message",
        "time": "time",
        "unit": "1",
      }
    }
    tokenInfo={Object {}}
    updateToken={[Function]}
    updatedTokenData={
      Object {
        "hash": "hash",
      }
    }
  />
</ContextProvider>
`;
