// Jest Snapshot v1, https://goo.gl/fbAQLP

exports[`WalletTxns component should check for snapshot 1`] = `
<Provider
  store={
    Object {
      "dispatch": [Function],
      "getState": [Function],
      "replaceReducer": [Function],
      "subscribe": [Function],
      Symbol(observable): [Function],
    }
  }
>
  <Connect(WalletTxns)>
    <WalletTxns
      fetchWalletTxns={[Function]}
      stopPagination={true}
      unit="DFI"
      walletTxnCount={0}
      walletTxns={Array []}
    >
      <section
        className="mb-5"
      >
        <h2>
          Transactions
        </h2>
        <Card
          className="table-responsive-md"
          tag="div"
        >
          <div
            className="table-responsive-md card"
          >
            <CardBody
              tag="div"
            >
              <div
                className="card-body"
              >
                No transactions available
              </div>
            </CardBody>
          </div>
        </Card>
      </section>
    </WalletTxns>
  </Connect(WalletTxns)>
</Provider>
`;
