// Jest Snapshot v1, https://goo.gl/fbAQLP

exports[`SettingsTabComponent should check for snapshot 1`] = `
<Provider
  store={
    Object {
      "dispatch": [Function],
      "getState": [Function],
      "replaceReducer": [Function],
      "subscribe": [Function],
      Symbol(observable): [Function],
    }
  }
>
  <Connect(SettingsTab)
    displayMode="SAME_AS_SYSTEM"
    handleDropDowns={[Function]}
    handleToggles={[Function]}
    language="en-GB"
    launchAtLogin={false}
    minimizedAtLaunch={false}
    unit="DFI"
  >
    <SettingsTab
      amountUnits={Array []}
      dispatch={[Function]}
      displayMode="SAME_AS_SYSTEM"
      displayModes={Array []}
      handleDropDowns={[Function]}
      handleToggles={[Function]}
      language="en-GB"
      languages={Array []}
      launchAtLogin={false}
      minimizedAtLaunch={false}
      unit="DFI"
    >
      <TabPane
        tabId="display"
        tag="div"
      >
        <div
          className="tab-pane"
        >
          <section>
            <Form
              tag="form"
            >
              <form
                className=""
              >
                <Row
                  className="mb-5"
                  tag="div"
                  widths={
                    Array [
                      "xs",
                      "sm",
                      "md",
                      "lg",
                      "xl",
                    ]
                  }
                >
                  <div
                    className="mb-5 row"
                  >
                    <Col
                      md="4"
                      tag="div"
                      widths={
                        Array [
                          "xs",
                          "sm",
                          "md",
                          "lg",
                          "xl",
                        ]
                      }
                    >
                      <div
                        className="col-md-4"
                      >
                        Launch options
                      </div>
                    </Col>
                    <Col
                      md="8"
                      tag="div"
                      widths={
                        Array [
                          "xs",
                          "sm",
                          "md",
                          "lg",
                          "xl",
                        ]
                      }
                    >
                      <div
                        className="col-md-8"
                      >
                        <Connect(SettingsRowToggle)
                          field={false}
                          fieldName="launchAtLogin"
                          handleToggles={[Function]}
                          label="launchAtLogin"
                        >
                          <SettingsRowToggle
                            dispatch={[Function]}
                            field={false}
                            fieldName="launchAtLogin"
                            handleToggles={[Function]}
                            label="launchAtLogin"
                            locale="en"
                          >
                            <FormGroup
                              className=""
                              tag="div"
                            >
                              <div
                                className="form-group"
                              >
                                <FormGroup
                                  check={true}
                                  tag="div"
                                >
                                  <div
                                    className="form-check"
                                  >
                                    <Label
                                      check={true}
                                      className="switch"
                                      tag="label"
                                      widths={
                                        Array [
                                          "xs",
                                          "sm",
                                          "md",
                                          "lg",
                                          "xl",
                                        ]
                                      }
                                    >
                                      <label
                                        className="switch form-check-label"
                                      >
                                        <Input
                                          checked={false}
                                          onChange={[Function]}
                                          type="checkbox"
                                        >
                                          <input
                                            checked={false}
                                            className="form-check-input"
                                            onChange={[Function]}
                                            type="checkbox"
                                          />
                                        </Input>
                                         
                                        Launch at login
                                      </label>
                                    </Label>
                                  </div>
                                </FormGroup>
                              </div>
                            </FormGroup>
                          </SettingsRowToggle>
                        </Connect(SettingsRowToggle)>
                        <Connect(SettingsRowToggle)
                          field={false}
                          fieldName="minimizedAtLaunch"
                          handleToggles={[Function]}
                          hideMinimized={true}
                          label="minimizedAtLaunch"
                        >
                          <SettingsRowToggle
                            dispatch={[Function]}
                            field={false}
                            fieldName="minimizedAtLaunch"
                            handleToggles={[Function]}
                            hideMinimized={true}
                            label="minimizedAtLaunch"
                            locale="en"
                          >
                            <FormGroup
                              className="d-none"
                              tag="div"
                            >
                              <div
                                className="d-none form-group"
                              >
                                <FormGroup
                                  check={true}
                                  tag="div"
                                >
                                  <div
                                    className="form-check"
                                  >
                                    <Label
                                      check={true}
                                      className="switch"
                                      tag="label"
                                      widths={
                                        Array [
                                          "xs",
                                          "sm",
                                          "md",
                                          "lg",
                                          "xl",
                                        ]
                                      }
                                    >
                                      <label
                                        className="switch form-check-label"
                                      >
                                        <Input
                                          checked={false}
                                          onChange={[Function]}
                                          type="checkbox"
                                        >
                                          <input
                                            checked={false}
                                            className="form-check-input"
                                            onChange={[Function]}
                                            type="checkbox"
                                          />
                                        </Input>
                                         
                                        Minimized at launch
                                      </label>
                                    </Label>
                                  </div>
                                </FormGroup>
                              </div>
                            </FormGroup>
                          </SettingsRowToggle>
                        </Connect(SettingsRowToggle)>
                      </div>
                    </Col>
                  </div>
                </Row>
                <Connect(SettingsRowDropDown)
                  data={Array []}
                  field="en-GB"
                  fieldName="language"
                  handleDropDowns={[Function]}
                  label="containers.settings.appLanguage"
                >
                  <SettingsRowDropDown
                    data={Array []}
                    dispatch={[Function]}
                    field="en-GB"
                    fieldName="language"
                    handleDropDowns={[Function]}
                    label="containers.settings.appLanguage"
                    locale="en"
                  >
                    <FormGroup
                      className="form-row align-items-center"
                      tag="div"
                    >
                      <div
                        className="form-row align-items-center form-group"
                      >
                        <Col
                          md="4"
                          tag="div"
                          widths={
                            Array [
                              "xs",
                              "sm",
                              "md",
                              "lg",
                              "xl",
                            ]
                          }
                        >
                          <div
                            className="col-md-4"
                          >
                            App language
                          </div>
                        </Col>
                        <Col
                          md="8"
                          tag="div"
                          widths={
                            Array [
                              "xs",
                              "sm",
                              "md",
                              "lg",
                              "xl",
                            ]
                          }
                        >
                          <div
                            className="col-md-8"
                          >
                            <UncontrolledDropdown>
                              <Dropdown
                                a11y={true}
                                active={false}
                                addonType={false}
                                direction="down"
                                inNavbar={false}
                                isOpen={false}
                                nav={false}
                                setActiveFromChild={false}
                                toggle={[Function]}
                              >
                                <Manager>
                                  <div
                                    className="dropdown"
                                    onKeyDown={[Function]}
                                  >
                                    <DropdownToggle
                                      aria-haspopup={true}
                                      caret={true}
                                      color="outline-secondary"
                                      disabled={false}
                                    >
                                      <Reference>
                                        <InnerReference
                                          setReferenceNode={[Function]}
                                        >
                                          <Button
                                            aria-expanded={false}
                                            aria-haspopup={true}
                                            className="dropdown-toggle"
                                            color="outline-secondary"
                                            disabled={false}
                                            innerRef={[Function]}
                                            onClick={[Function]}
                                            tag="button"
                                          >
                                            <button
                                              aria-expanded={false}
                                              aria-haspopup={true}
                                              aria-label={null}
                                              className="dropdown-toggle btn btn-outline-secondary"
                                              disabled={false}
                                              onClick={[Function]}
                                              type="button"
                                            />
                                          </Button>
                                        </InnerReference>
                                      </Reference>
                                    </DropdownToggle>
                                    <DropdownMenu
                                      flip={true}
                                      tag="div"
                                    >
                                      <div
                                        aria-hidden={true}
                                        className="dropdown-menu"
                                        role="menu"
                                        tabIndex="-1"
                                      />
                                    </DropdownMenu>
                                  </div>
                                </Manager>
                              </Dropdown>
                            </UncontrolledDropdown>
                          </div>
                        </Col>
                      </div>
                    </FormGroup>
                  </SettingsRowDropDown>
                </Connect(SettingsRowDropDown)>
              </form>
            </Form>
          </section>
        </div>
      </TabPane>
    </SettingsTab>
  </Connect(SettingsTab)>
</Provider>
`;
